// Jest Snapshot v1, https://goo.gl/fbAQLP

exports[`withPreventDoubleClick should render correctly 1`] = `
<withPreventDoubleClick(ButtonWithOnPress)
  onPress={[Function]}
/>
`;
